\BOOKMARK [0][-]{chapter.1}{\376\377\000R\000e\000s\000u\000m\000e\000n}{}% 1
\BOOKMARK [1][-]{section.1.1}{\376\377\000P\000r\000o\000p\000\363\000s\000i\000t\000o}{chapter.1}% 2
\BOOKMARK [1][-]{section.1.2}{\376\377\000O\000b\000j\000e\000t\000i\000v\000o\000\040\000f\000u\000n\000c\000i\000o\000n\000a\000l}{chapter.1}% 3
\BOOKMARK [1][-]{section.1.3}{\376\377\000A\000l\000c\000a\000n\000c\000e}{chapter.1}% 4
\BOOKMARK [1][-]{section.1.4}{\376\377\000L\000e\000c\000t\000u\000r\000a\000s\000\040\000c\000o\000m\000p\000l\000e\000m\000e\000n\000t\000a\000r\000i\000a\000s}{chapter.1}% 5
\BOOKMARK [0][-]{chapter.2}{\376\377\000S\000t\000a\000c\000k\000,\000\040\000a\000r\000q\000u\000i\000t\000e\000c\000t\000u\000r\000a\000\040\000y\000\040\000e\000s\000t\000r\000u\000c\000t\000u\000r\000a}{}% 6
\BOOKMARK [1][-]{section.2.1}{\376\377\000S\000t\000a\000c\000k\000\040\000t\000e\000c\000n\000o\000l\000\363\000g\000i\000c\000o}{chapter.2}% 7
\BOOKMARK [1][-]{section.2.2}{\376\377\000J\000u\000s\000t\000i\000f\000i\000c\000a\000c\000i\000\363\000n\000\040\000d\000e\000\040\000l\000a\000\040\000a\000r\000q\000u\000i\000t\000e\000c\000t\000u\000r\000a}{chapter.2}% 8
\BOOKMARK [1][-]{section.2.3}{\376\377\000D\000e\000c\000i\000s\000i\000\363\000n\000\040\000a\000r\000q\000u\000i\000t\000e\000c\000t\000\363\000n\000i\000c\000a\000\040\000p\000r\000i\000n\000c\000i\000p\000a\000l}{chapter.2}% 9
\BOOKMARK [1][-]{section.2.4}{\376\377\000D\000i\000a\000g\000r\000a\000m\000a\000\040\000d\000e\000\040\000a\000r\000q\000u\000i\000t\000e\000c\000t\000u\000r\000a}{chapter.2}% 10
\BOOKMARK [1][-]{section.2.5}{\376\377\000F\000l\000u\000j\000o\000\040\000d\000e\000\040\000d\000a\000t\000o\000s}{chapter.2}% 11
\BOOKMARK [1][-]{section.2.6}{\376\377\000R\000u\000t\000a\000s\000\040\000d\000e\000l\000\040\000A\000p\000p\000\040\000R\000o\000u\000t\000e\000r}{chapter.2}% 12
\BOOKMARK [1][-]{section.2.7}{\376\377\000O\000r\000g\000a\000n\000i\000z\000a\000c\000i\000\363\000n\000\040\000d\000e\000\040\000d\000i\000r\000e\000c\000t\000o\000r\000i\000o\000s}{chapter.2}% 13
\BOOKMARK [1][-]{section.2.8}{\376\377\000M\000a\000p\000a\000\040\000d\000e\000\040\000a\000r\000c\000h\000i\000v\000o\000s\000\040\000p\000r\000i\000n\000c\000i\000p\000a\000l\000e\000s}{chapter.2}% 14
\BOOKMARK [1][-]{section.2.9}{\376\377\000C\000o\000n\000v\000e\000n\000c\000i\000o\000n\000e\000s\000\040\000t\000\351\000c\000n\000i\000c\000a\000s}{chapter.2}% 15
\BOOKMARK [0][-]{chapter.3}{\376\377\000A\000u\000t\000e\000n\000t\000i\000c\000a\000c\000i\000\363\000n\000\040\000y\000\040\000r\000o\000l\000e\000s}{}% 16
\BOOKMARK [1][-]{section.3.1}{\376\377\000M\000\351\000t\000o\000d\000o\000s\000\040\000d\000e\000\040\000a\000u\000t\000e\000n\000t\000i\000c\000a\000c\000i\000\363\000n}{chapter.3}% 17
\BOOKMARK [1][-]{section.3.2}{\376\377\000M\000o\000d\000e\000l\000o\000\040\000d\000e\000\040\000s\000e\000s\000i\000\363\000n}{chapter.3}% 18
\BOOKMARK [1][-]{section.3.3}{\376\377\000F\000l\000u\000j\000o\000\040\000d\000e\000\040\000a\000u\000t\000e\000n\000t\000i\000c\000a\000c\000i\000\363\000n}{chapter.3}% 19
\BOOKMARK [1][-]{section.3.4}{\376\377\000R\000o\000l\000e\000s\000\040\000d\000e\000l\000\040\000s\000i\000s\000t\000e\000m\000a}{chapter.3}% 20
\BOOKMARK [1][-]{section.3.5}{\376\377\000P\000r\000o\000t\000e\000c\000c\000i\000\363\000n\000\040\000d\000e\000\040\000r\000u\000t\000a\000s\000\040\000p\000o\000r\000\040\000r\000o\000l}{chapter.3}% 21
\BOOKMARK [1][-]{section.3.6}{\376\377\000C\000r\000e\000a\000c\000i\000\363\000n\000\040\000d\000e\000\040\000u\000s\000u\000a\000r\000i\000o\000s}{chapter.3}% 22
\BOOKMARK [1][-]{section.3.7}{\376\377\000R\000e\000s\000t\000a\000b\000l\000e\000c\000i\000m\000i\000e\000n\000t\000o\000\040\000d\000e\000\040\000c\000o\000n\000t\000r\000a\000s\000e\000\361\000a}{chapter.3}% 23
\BOOKMARK [1][-]{section.3.8}{\376\377\000C\000o\000n\000s\000i\000d\000e\000r\000a\000c\000i\000o\000n\000e\000s\000\040\000d\000e\000\040\000o\000p\000e\000r\000a\000c\000i\000\363\000n\000\040\000p\000a\000r\000a\000\040\000G\000o\000o\000g\000l\000e\000\040\000O\000A\000u\000t\000h}{chapter.3}% 24
\BOOKMARK [0][-]{chapter.4}{\376\377\000F\000l\000u\000j\000o\000s\000\040\000f\000u\000n\000c\000i\000o\000n\000a\000l\000e\000s\000\040\000y\000\040\000r\000e\000g\000l\000a\000s\000\040\000d\000e\000\040\000n\000e\000g\000o\000c\000i\000o}{}% 25
\BOOKMARK [1][-]{section.4.1}{\376\377\000F\000l\000u\000j\000o\000\040\000d\000e\000\040\000p\000r\000\351\000s\000t\000a\000m\000o\000\040\000d\000e\000\040\000m\000a\000t\000e\000r\000i\000a\000l}{chapter.4}% 26
\BOOKMARK [1][-]{section.4.2}{\376\377\000F\000l\000u\000j\000o\000\040\000d\000e\000\040\000d\000e\000v\000o\000l\000u\000c\000i\000\363\000n\000\040\000d\000e\000\040\000m\000a\000t\000e\000r\000i\000a\000l}{chapter.4}% 27
\BOOKMARK [1][-]{section.4.3}{\376\377\000F\000l\000u\000j\000o\000\040\000d\000e\000\040\000c\000o\000n\000s\000u\000m\000o\000\040\000d\000e\000\040\000m\000a\000t\000e\000r\000i\000a\000l}{chapter.4}% 28
\BOOKMARK [1][-]{section.4.4}{\376\377\000F\000l\000u\000j\000o\000\040\000d\000e\000\040\000e\000n\000t\000r\000a\000d\000a\000\040\000d\000e\000\040\000s\000t\000o\000c\000k\000\040\000\050\000A\000d\000m\000i\000n\000\051}{chapter.4}% 29
\BOOKMARK [1][-]{section.4.5}{\376\377\000C\000r\000e\000a\000c\000i\000\363\000n\000\040\000y\000\040\000e\000d\000i\000c\000i\000\363\000n\000\040\000d\000e\000\040\000m\000a\000t\000e\000r\000i\000a\000l\000e\000s\000\040\000\050\000A\000d\000m\000i\000n\000\051}{chapter.4}% 30
\BOOKMARK [2][-]{subsection.4.5.1}{\376\377\000C\000r\000e\000a\000c\000i\000\363\000n}{section.4.5}% 31
\BOOKMARK [2][-]{subsection.4.5.2}{\376\377\000E\000d\000i\000c\000i\000\363\000n}{section.4.5}% 32
\BOOKMARK [2][-]{subsection.4.5.3}{\376\377\000I\000m\000a\000g\000e\000n\000\040\000g\000u\000\355\000a}{section.4.5}% 33
\BOOKMARK [2][-]{subsection.4.5.4}{\376\377\000E\000l\000i\000m\000i\000n\000a\000c\000i\000\363\000n\000\040\000l\000\363\000g\000i\000c\000a}{section.4.5}% 34
\BOOKMARK [1][-]{section.4.6}{\376\377\000G\000e\000s\000t\000i\000\363\000n\000\040\000d\000e\000\040\000e\000q\000u\000i\000p\000o\000s\000\040\000\050\000A\000d\000m\000i\000n\000\051}{chapter.4}% 35
\BOOKMARK [1][-]{section.4.7}{\376\377\000G\000e\000s\000t\000i\000\363\000n\000\040\000d\000e\000\040\000u\000s\000u\000a\000r\000i\000o\000s\000\040\000\050\000A\000d\000m\000i\000n\000\051}{chapter.4}% 36
\BOOKMARK [1][-]{section.4.8}{\376\377\000R\000e\000g\000l\000a\000s\000\040\000d\000e\000\040\000n\000e\000g\000o\000c\000i\000o}{chapter.4}% 37
\BOOKMARK [0][-]{chapter.5}{\376\377\000M\000o\000d\000e\000l\000o\000\040\000d\000e\000\040\000d\000a\000t\000o\000s}{}% 38
\BOOKMARK [1][-]{section.5.1}{\376\377\000D\000i\000a\000g\000r\000a\000m\000a\000\040\000E\000n\000t\000i\000d\000a\000d\000-\000R\000e\000l\000a\000c\000i\000\363\000n}{chapter.5}% 39
\BOOKMARK [1][-]{section.5.2}{\376\377\000T\000a\000b\000l\000a\000\040\000p\000e\000r\000f\000i\000l\000e\000s}{chapter.5}% 40
\BOOKMARK [1][-]{section.5.3}{\376\377\000T\000a\000b\000l\000a\000\040\000e\000q\000u\000i\000p\000o\000s}{chapter.5}% 41
\BOOKMARK [1][-]{section.5.4}{\376\377\000T\000a\000b\000l\000a\000\040\000m\000a\000t\000e\000r\000i\000a\000l\000e\000s}{chapter.5}% 42
\BOOKMARK [1][-]{section.5.5}{\376\377\000T\000a\000b\000l\000a\000\040\000m\000o\000v\000i\000m\000i\000e\000n\000t\000o\000s}{chapter.5}% 43
\BOOKMARK [1][-]{section.5.6}{\376\377\000T\000a\000b\000l\000a\000\040\000p\000r\000e\000s\000t\000a\000m\000o\000s}{chapter.5}% 44
\BOOKMARK [1][-]{section.5.7}{\376\377\000R\000e\000l\000a\000c\000i\000o\000n\000e\000s\000\040\000e\000n\000t\000r\000e\000\040\000t\000a\000b\000l\000a\000s}{chapter.5}% 45
\BOOKMARK [1][-]{section.5.8}{\376\377\000C\000a\000t\000e\000g\000o\000r\000\355\000a\000s\000\040\000d\000e\000\040\000m\000a\000t\000e\000r\000i\000a\000l\000e\000s}{chapter.5}% 46
\BOOKMARK [1][-]{section.5.9}{\376\377\000E\000s\000t\000a\000d\000o\000s\000\040\000d\000e\000\040\000m\000a\000t\000e\000r\000i\000a\000l}{chapter.5}% 47
\BOOKMARK [1][-]{section.5.10}{\376\377\000T\000i\000p\000o\000s\000\040\000d\000e\000\040\000m\000o\000v\000i\000m\000i\000e\000n\000t\000o}{chapter.5}% 48
\BOOKMARK [1][-]{section.5.11}{\376\377\000S\000t\000o\000c\000k\000\040\000s\000e\000m\000i\000l\000l\000a}{chapter.5}% 49
\BOOKMARK [0][-]{chapter.6}{\376\377\000S\000u\000p\000a\000b\000a\000s\000e\000,\000\040\000m\000i\000g\000r\000a\000c\000i\000o\000n\000e\000s\000,\000\040\000o\000p\000e\000r\000a\000c\000i\000\363\000n\000\040\000y\000\040\000p\000r\000u\000e\000b\000a\000s}{}% 50
\BOOKMARK [1][-]{section.6.1}{\376\377\000S\000u\000p\000a\000b\000a\000s\000e\000\040\000l\000o\000c\000a\000l}{chapter.6}% 51
\BOOKMARK [1][-]{section.6.2}{\376\377\000M\000i\000g\000r\000a\000c\000i\000o\000n\000e\000s}{chapter.6}% 52
\BOOKMARK [1][-]{section.6.3}{\376\377\000S\000u\000p\000a\000b\000a\000s\000e\000\040\000S\000t\000o\000r\000a\000g\000e}{chapter.6}% 53
\BOOKMARK [1][-]{section.6.4}{\376\377\000V\000a\000r\000i\000a\000b\000l\000e\000s\000\040\000d\000e\000\040\000e\000n\000t\000o\000r\000n\000o}{chapter.6}% 54
\BOOKMARK [1][-]{section.6.5}{\376\377\000S\000c\000r\000i\000p\000t\000s\000\040\000o\000p\000e\000r\000a\000t\000i\000v\000o\000s}{chapter.6}% 55
\BOOKMARK [1][-]{section.6.6}{\376\377\000S\000e\000e\000d\000\040\000y\000\040\000c\000a\000r\000g\000a\000\040\000i\000n\000i\000c\000i\000a\000l}{chapter.6}% 56
\BOOKMARK [1][-]{section.6.7}{\376\377\000P\000r\000u\000e\000b\000a\000s}{chapter.6}% 57
\BOOKMARK [1][-]{section.6.8}{\376\377\000R\000e\000p\000o\000r\000t\000e\000s\000\040\000\050\000A\000d\000m\000i\000n\000\051}{chapter.6}% 58
\BOOKMARK [0][-]{chapter.7}{\376\377\000U\000I\000/\000U\000X\000\040\000y\000\040\000d\000i\000s\000e\000\361\000o}{}% 59
\BOOKMARK [1][-]{section.7.1}{\376\377\000I\000d\000e\000n\000t\000i\000d\000a\000d\000\040\000v\000i\000s\000u\000a\000l\000\040\000i\000n\000s\000t\000i\000t\000u\000c\000i\000o\000n\000a\000l}{chapter.7}% 60
\BOOKMARK [1][-]{section.7.2}{\376\377\000S\000t\000a\000c\000k\000\040\000d\000e\000\040\000d\000i\000s\000e\000\361\000o}{chapter.7}% 61
\BOOKMARK [1][-]{section.7.3}{\376\377\000D\000i\000r\000e\000c\000t\000r\000i\000c\000e\000s\000\040\000d\000e\000\040\000i\000n\000t\000e\000r\000f\000a\000z}{chapter.7}% 62
\BOOKMARK [2][-]{subsection.7.3.1}{\376\377\000B\000o\000t\000o\000n\000e\000s\000\040\000y\000\040\000a\000c\000c\000i\000o\000n\000e\000s}{section.7.3}% 63
\BOOKMARK [2][-]{subsection.7.3.2}{\376\377\000F\000o\000r\000m\000u\000l\000a\000r\000i\000o\000s}{section.7.3}% 64
\BOOKMARK [2][-]{subsection.7.3.3}{\376\377\000R\000e\000g\000l\000a\000\040\000d\000e\000\040\0003\000\040\000c\000l\000i\000c\000s}{section.7.3}% 65
\BOOKMARK [2][-]{subsection.7.3.4}{\376\377\000D\000i\000s\000e\000\361\000o\000\040\000r\000e\000s\000p\000o\000n\000s\000i\000v\000e}{section.7.3}% 66
\BOOKMARK [1][-]{section.7.4}{\376\377\000D\000i\000s\000t\000r\000i\000b\000u\000c\000i\000\363\000n\000\040\000d\000e\000l\000\040\000D\000a\000s\000h\000b\000o\000a\000r\000d\000\040\000\050\000A\000d\000m\000i\000n\000\051}{chapter.7}% 67
\BOOKMARK [1][-]{section.7.5}{\376\377\000P\000a\000n\000e\000l\000\040\000d\000e\000l\000\040\000R\000e\000p\000r\000e\000s\000e\000n\000t\000a\000n\000t\000e}{chapter.7}% 68
\BOOKMARK [1][-]{section.7.6}{\376\377\000A\000c\000t\000u\000a\000l\000i\000z\000a\000c\000i\000\363\000n\000\040\000e\000n\000\040\000t\000i\000e\000m\000p\000o\000\040\000r\000e\000a\000l}{chapter.7}% 69
\BOOKMARK [1][-]{section.7.7}{\376\377\000F\000o\000r\000m\000u\000l\000a\000r\000i\000o\000\040\000d\000e\000\040\000l\000o\000g\000i\000n}{chapter.7}% 70
\BOOKMARK [1][-]{section.7.8}{\376\377\000D\000e\000c\000i\000s\000i\000o\000n\000e\000s\000\040\000U\000X\000\040\000r\000e\000l\000e\000v\000a\000n\000t\000e\000s}{chapter.7}% 71
\BOOKMARK [1][-]{section.7.9}{\376\377\000C\000o\000m\000p\000o\000n\000e\000n\000t\000e\000s\000\040\000r\000e\000u\000t\000i\000l\000i\000z\000a\000b\000l\000e\000s}{chapter.7}% 72
\BOOKMARK [0][-]{chapter.8}{\376\377\000C\000o\000m\000p\000o\000n\000e\000n\000t\000e\000s}{}% 73
\BOOKMARK [1][-]{section.8.1}{\376\377\000C\000o\000m\000p\000o\000n\000e\000n\000t\000e\000\040\000R\000e\000a\000l\000t\000i\000m\000e\000R\000e\000f\000r\000e\000s\000h}{chapter.8}% 74
\BOOKMARK [1][-]{section.8.2}{\376\377\000C\000o\000m\000p\000o\000n\000e\000n\000t\000e\000\040\000S\000e\000a\000r\000c\000h\000B\000o\000x}{chapter.8}% 75
\BOOKMARK [1][-]{section.8.3}{\376\377\000C\000o\000m\000p\000o\000n\000e\000n\000t\000e\000s\000\040\000d\000e\000\040\000f\000o\000r\000m\000u\000l\000a\000r\000i\000o\000s}{chapter.8}% 76
\BOOKMARK [1][-]{section.8.4}{\376\377\000C\000o\000m\000p\000o\000n\000e\000n\000t\000e\000s\000\040\000d\000e\000l\000\040\000d\000a\000s\000h\000b\000o\000a\000r\000d}{chapter.8}% 77
\BOOKMARK [1][-]{section.8.5}{\376\377\000C\000o\000m\000p\000o\000n\000e\000n\000t\000e\000s\000\040\000U\000I\000\040\000\050\000s\000h\000a\000d\000c\000n\000/\000u\000i\000\051}{chapter.8}% 78
\BOOKMARK [1][-]{section.8.6}{\376\377\000C\000l\000i\000e\000n\000t\000e\000s\000\040\000S\000u\000p\000a\000b\000a\000s\000e}{chapter.8}% 79
\BOOKMARK [1][-]{section.8.7}{\376\377\000C\000o\000n\000s\000i\000d\000e\000r\000a\000c\000i\000o\000n\000e\000s\000\040\000d\000e\000\040\000d\000i\000s\000e\000\361\000o}{chapter.8}% 80
\BOOKMARK [0][-]{chapter.9}{\376\377\000A\000n\000e\000x\000o\000s}{}% 81
\BOOKMARK [1][-]{section.9.1}{\376\377\000O\000b\000s\000e\000r\000v\000a\000c\000i\000o\000n\000e\000s\000\040\000i\000m\000p\000o\000r\000t\000a\000n\000t\000e\000s}{chapter.9}% 82
\BOOKMARK [1][-]{section.9.2}{\376\377\000D\000e\000c\000i\000s\000i\000o\000n\000e\000s\000\040\000d\000e\000\040\000d\000i\000s\000e\000\361\000o\000\040\000d\000e\000l\000\040\000d\000o\000c\000u\000m\000e\000n\000t\000o}{chapter.9}% 83
